Load Map - Tue Sep 28 10:33:56 EDT 2010

Main class:       MyBot
Classes:          59
Interfaces:       3
Methods:          137
Constants:        86
Instance fields:  94
Static fields:    23
Static data size: 108
Code size:        7724
Start address:    8000
End address:      9e2b

80e8 80e9 java.lang.Object.<init>()
80ee 8101 java.lang.Object.getClass()
810b 811f java.lang.Object.clone()
8129 814d java.lang.Object.toString()
8234 8245 java.lang.Thread.run()
824a 8250 java.lang.Thread.setName(java.lang.String)
8254 827f java.lang.Thread.sleep(long)
8283 8288 java.lang.Thread.<clinit>()
8296 829c java.lang.Thread.<init>()
82a5 82bd java.lang.Thread.<init>(java.lang.Runnable)
82c1 82e0 java.lang.Thread.<init>(java.lang.Runnable, java.lang.String)
82ea 831a java.lang.Thread.toString()
831f 8324 java.lang.Thread.getName()
837e 83bd com.ridgesoft.intellibrain.StartupThread.run()
8409 8413 java.lang.String.createString(byte[])
8417 8426 java.lang.String.<init>(byte[], int)
842b 8436 java.lang.String.getBytes()
843b 8441 java.lang.String.length()
8446 8468 java.lang.String.getBytes(int, int, byte[], int)
846c 8496 java.lang.String.<init>(byte[], int, int)
849a 84ab java.lang.String.<init>()
84af 84c4 java.lang.String.<init>(byte[])
84c8 84f8 java.lang.String.<init>(char[], int, int)
84fc 8501 java.lang.String.valueOf(java.lang.Object)
8506 8508 java.lang.String.toString()
859c 869a java.lang.Throwable.vmThrow(int)
86a6 86cb java.lang.Throwable.<init>()
86d8 877d java.lang.Throwable.printStackTrace()
8781 87a8 java.lang.Throwable.<clinit>()
87b1 87b9 java.lang.Throwable.init()
87c5 8807 java.lang.Throwable.<init>(java.lang.String)
88ad 88b7 java.lang.InternalError.<init>()
88bb 88c6 java.lang.InternalError.<init>(java.lang.String)
88f5 88ff java.lang.OutOfMemoryError.<init>()
8903 890e java.lang.OutOfMemoryError.<init>(java.lang.String)
893f 8949 java.lang.StackOverflowError.<init>()
894d 8958 java.lang.StackOverflowError.<init>(java.lang.String)
8d5f 8e64 MyBot.main(java.lang.String[])
8e98 8eae java.io.OutputStream.write(byte[])
8eb8 8eb9 java.io.OutputStream.flush()
8ebe 8edc java.io.OutputStream.write(byte[], int, int)
8f17 8f21 java.io.FilterOutputStream.<init>(java.io.OutputStream)
8f26 8f2f java.io.FilterOutputStream.write(byte[])
8f34 8f3d java.io.FilterOutputStream.write(int)
8f42 8f4a java.io.FilterOutputStream.flush()
8f4f 8f5a java.io.FilterOutputStream.write(byte[], int, int)
8f8d 8f98 java.io.PrintStream.<init>(java.io.OutputStream)
8f9d 8fa7 java.io.PrintStream.println(java.lang.String)
8fb4 8fcb java.io.PrintStream.print(java.lang.String)
8fd8 8ff2 java.io.PrintStream.println()
902c 903b com.ridgesoft.io.OutputStreamTee.<init>(java.io.OutputStream, java.io.OutputStream)
904f 9068 com.ridgesoft.io.OutputStreamTee.write(byte[])
907c 9095 com.ridgesoft.io.OutputStreamTee.write(int)
90a9 90c0 com.ridgesoft.io.OutputStreamTee.flush()
90d4 90f1 com.ridgesoft.io.OutputStreamTee.write(byte[], int, int)
9140 91a3 com.ridgesoft.io.DisplayOutputStream.<init>(com.ridgesoft.io.Display)
91a7 91b4 com.ridgesoft.io.DisplayOutputStream.<clinit>()
91b9 91c2 com.ridgesoft.io.DisplayOutputStream.write(byte[])
91c7 9214 com.ridgesoft.io.DisplayOutputStream.write(int)
9219 9245 com.ridgesoft.io.DisplayOutputStream.flush()
924a 9256 com.ridgesoft.io.DisplayOutputStream.write(byte[], int, int)
925a 92d8 com.ridgesoft.io.DisplayOutputStream.scroll()
9321 9326 com.ridgesoft.vm.DebugOutputStream.<clinit>()
932b 9334 com.ridgesoft.vm.DebugOutputStream.write(byte[])
9339 9382 com.ridgesoft.vm.DebugOutputStream.write(int)
938f 93b0 com.ridgesoft.vm.DebugOutputStream.flush()
93b5 93c1 com.ridgesoft.vm.DebugOutputStream.write(byte[], int, int)
93e4 93e8 com.ridgesoft.vm.VM.getDebugOutputStream()
93f6 9405 com.ridgesoft.vm.VM.<clinit>()
940e 941d com.ridgesoft.vm.VM.isSet(int, int)
945e 9475 com.ridgesoft.intellibrain.IntelliBrain.getOutputStream()
9479 948d com.ridgesoft.intellibrain.IntelliBrain.getLcdDisplay()
9491 94d4 com.ridgesoft.intellibrain.IntelliBrain.getServo(int)
94d8 956d com.ridgesoft.intellibrain.IntelliBrain.getDigitalIO(int)
9571 962c com.ridgesoft.intellibrain.IntelliBrain.getPinPortData(byte)
9630 9637 com.ridgesoft.intellibrain.IntelliBrain.<clinit>()
9643 96e9 com.ridgesoft.intellibrain.IntelliBrain.initialize()
971a 971f java.lang.System.setOut(java.io.PrintStream)
9723 9728 java.lang.System.setErr(java.io.PrintStream)
9787 9791 com.ridgesoft.io.Display.print(int, java.lang.String)
9796 97ca com.ridgesoft.io.Display.print(int, byte[])
97cf 97d4 com.ridgesoft.io.Display.getWidth()
97d9 97de com.ridgesoft.io.Display.getHeight()
97e2 97f3 com.ridgesoft.io.Display.<init>(int, int)
982d 9835 com.ridgesoft.intellibrain.IntelliBrainDisplay.<init>()
983a 9841 com.ridgesoft.intellibrain.IntelliBrainDisplay.printChar(int, int, byte)
9878 9887 com.ridgesoft.intellibrain.IntelliBrainPinPort.<init>(com.ridgesoft.intellibrain.IntelliBrainPinPortData)
98f3 992c com.ridgesoft.intellibrain.IntelliBrainDigitalIO.enablePulseMeasurement(boolean)
9931 995c com.ridgesoft.intellibrain.IntelliBrainDigitalIO.pulse(int)
9961 9976 com.ridgesoft.intellibrain.IntelliBrainDigitalIO.readPulseDuration()
997a 998a com.ridgesoft.intellibrain.IntelliBrainDigitalIO.<init>(com.ridgesoft.intellibrain.IntelliBrainPinPortData, boolean)
999e 99a6 com.ridgesoft.intellibrain.IntelliBrainDigitalIO.toString()
99ab 99d6 com.ridgesoft.intellibrain.IntelliBrainDigitalIO.isSet()
9a13 9a1f com.ridgesoft.intellibrain.IntelliBrainExpDigitalIO.<init>(com.ridgesoft.intellibrain.IntelliBrainPinPortData)
9a97 9aa9 java.lang.StringBuilder.<init>()
9aae 9ad7 java.lang.StringBuilder.append(java.lang.String)
9adc 9b37 java.lang.StringBuilder.append(int)
9b3c 9b4d java.lang.StringBuilder.toString()
9b51 9b6c java.lang.StringBuilder.<init>(java.lang.String)
9b71 9baa java.lang.StringBuilder.ensureCapacity(int)
9baf 9bdc java.lang.StringBuilder.append(char[], int, int)
9be1 9bf3 java.lang.StringBuilder.append(boolean)
9c19 9c1e java.lang.Class.getName()
9c22 9c2c java.lang.Class.<init>(java.lang.String)
9c53 9c97 java.lang.Integer.toHexString(int)
9c9c 9ca4 java.lang.Integer.toString()
9ca8 9cb7 java.lang.Integer.toString(int)
9cee 9cf9 com.ridgesoft.intellibrain.IntelliBrainServo.<init>(int)
9cfe 9d07 com.ridgesoft.intellibrain.IntelliBrainServo.setPosition(int)
9daa 9dca com.ridgesoft.intellibrain.IntelliBrainPinPortData.<init>(byte, short, short, short, byte)
9e10 9e1f java.lang.Boolean.toString(boolean)
9e24 9e2c java.lang.Boolean.toString()
