Load Map - Tue Oct 05 10:08:13 EDT 2010

Main class:       MyBot
Classes:          60
Interfaces:       3
Methods:          133
Constants:        87
Instance fields:  94
Static fields:    23
Static data size: 109
Code size:        7934
Start address:    8000
End address:      9efd

80e8 80e9 java.lang.Object.<init>()
80ee 8101 java.lang.Object.getClass()
810b 811f java.lang.Object.clone()
8129 814d java.lang.Object.toString()
8252 8263 java.lang.Thread.run()
8268 826e java.lang.Thread.setName(java.lang.String)
8272 829d java.lang.Thread.sleep(long)
82a1 82a6 java.lang.Thread.<clinit>()
82b4 82ba java.lang.Thread.<init>()
82c3 82db java.lang.Thread.<init>(java.lang.Runnable)
82df 82fe java.lang.Thread.<init>(java.lang.Runnable, java.lang.String)
8308 8338 java.lang.Thread.toString()
833d 8342 java.lang.Thread.getName()
839c 83db com.ridgesoft.intellibrain.StartupThread.run()
8427 8431 java.lang.String.createString(byte[])
8435 8444 java.lang.String.<init>(byte[], int)
8449 8454 java.lang.String.getBytes()
8458 8469 java.lang.String.<init>()
846d 8482 java.lang.String.<init>(byte[])
8487 848d java.lang.String.length()
8492 84b4 java.lang.String.getBytes(int, int, byte[], int)
84b8 84e8 java.lang.String.<init>(char[], int, int)
84ec 8516 java.lang.String.<init>(byte[], int, int)
851a 851f java.lang.String.valueOf(java.lang.Object)
8524 8526 java.lang.String.toString()
85ba 86b8 java.lang.Throwable.vmThrow(int)
86c4 86e9 java.lang.Throwable.<init>()
86f6 879b java.lang.Throwable.printStackTrace()
879f 87c6 java.lang.Throwable.<clinit>()
87cf 87d7 java.lang.Throwable.init()
87e3 8825 java.lang.Throwable.<init>(java.lang.String)
88cb 88d5 java.lang.InternalError.<init>()
88d9 88e4 java.lang.InternalError.<init>(java.lang.String)
8913 891d java.lang.OutOfMemoryError.<init>()
8921 892c java.lang.OutOfMemoryError.<init>(java.lang.String)
895d 8967 java.lang.StackOverflowError.<init>()
896b 8976 java.lang.StackOverflowError.<init>(java.lang.String)
8d7b 8f90 MyBot.main(java.lang.String[])
8fc4 8fda java.io.OutputStream.write(byte[])
8fe4 8fe5 java.io.OutputStream.flush()
8fea 9008 java.io.OutputStream.write(byte[], int, int)
9043 904d java.io.FilterOutputStream.<init>(java.io.OutputStream)
9052 905b java.io.FilterOutputStream.write(byte[])
9060 9069 java.io.FilterOutputStream.write(int)
906e 9076 java.io.FilterOutputStream.flush()
907b 9086 java.io.FilterOutputStream.write(byte[], int, int)
90b9 90c4 java.io.PrintStream.<init>(java.io.OutputStream)
90c9 90d3 java.io.PrintStream.println(java.lang.String)
90e0 90f7 java.io.PrintStream.print(java.lang.String)
9104 911e java.io.PrintStream.println()
9158 9167 com.ridgesoft.io.OutputStreamTee.<init>(java.io.OutputStream, java.io.OutputStream)
917b 9194 com.ridgesoft.io.OutputStreamTee.write(byte[])
91a8 91c1 com.ridgesoft.io.OutputStreamTee.write(int)
91d5 91ec com.ridgesoft.io.OutputStreamTee.flush()
9200 921d com.ridgesoft.io.OutputStreamTee.write(byte[], int, int)
926c 92cf com.ridgesoft.io.DisplayOutputStream.<init>(com.ridgesoft.io.Display)
92d3 92e0 com.ridgesoft.io.DisplayOutputStream.<clinit>()
92e5 92ee com.ridgesoft.io.DisplayOutputStream.write(byte[])
92f3 9340 com.ridgesoft.io.DisplayOutputStream.write(int)
9345 9371 com.ridgesoft.io.DisplayOutputStream.flush()
9376 9382 com.ridgesoft.io.DisplayOutputStream.write(byte[], int, int)
9386 9404 com.ridgesoft.io.DisplayOutputStream.scroll()
944d 9452 com.ridgesoft.vm.DebugOutputStream.<clinit>()
9457 9460 com.ridgesoft.vm.DebugOutputStream.write(byte[])
9465 94ae com.ridgesoft.vm.DebugOutputStream.write(int)
94bb 94dc com.ridgesoft.vm.DebugOutputStream.flush()
94e1 94ed com.ridgesoft.vm.DebugOutputStream.write(byte[], int, int)
9510 9514 com.ridgesoft.vm.VM.getDebugOutputStream()
9522 9531 com.ridgesoft.vm.VM.<clinit>()
953a 9549 com.ridgesoft.vm.VM.isSet(int, int)
958a 95a1 com.ridgesoft.intellibrain.IntelliBrain.getOutputStream()
95a5 95b9 com.ridgesoft.intellibrain.IntelliBrain.getLcdDisplay()
95bd 9600 com.ridgesoft.intellibrain.IntelliBrain.getServo(int)
9604 9699 com.ridgesoft.intellibrain.IntelliBrain.getDigitalIO(int)
969d 9758 com.ridgesoft.intellibrain.IntelliBrain.getPinPortData(byte)
975c 9763 com.ridgesoft.intellibrain.IntelliBrain.<clinit>()
976f 9815 com.ridgesoft.intellibrain.IntelliBrain.initialize()
9846 984b java.lang.System.setOut(java.io.PrintStream)
984f 9854 java.lang.System.setErr(java.io.PrintStream)
98af 98be com.ridgesoft.intellibrain.IntelliBrainPinPort.<init>(com.ridgesoft.intellibrain.IntelliBrainPinPortData)
9924 995d com.ridgesoft.intellibrain.IntelliBrainDigitalIO.enablePulseMeasurement(boolean)
9961 9971 com.ridgesoft.intellibrain.IntelliBrainDigitalIO.<init>(com.ridgesoft.intellibrain.IntelliBrainPinPortData, boolean)
997b 9983 com.ridgesoft.intellibrain.IntelliBrainDigitalIO.toString()
9988 99b3 com.ridgesoft.intellibrain.IntelliBrainDigitalIO.isSet()
99f0 99fc com.ridgesoft.intellibrain.IntelliBrainExpDigitalIO.<init>(com.ridgesoft.intellibrain.IntelliBrainPinPortData)
9a42 9a4c com.ridgesoft.io.Display.print(int, java.lang.String)
9a51 9a85 com.ridgesoft.io.Display.print(int, byte[])
9a8a 9a8f com.ridgesoft.io.Display.getWidth()
9a94 9a99 com.ridgesoft.io.Display.getHeight()
9a9d 9aae com.ridgesoft.io.Display.<init>(int, int)
9ae8 9af0 com.ridgesoft.intellibrain.IntelliBrainDisplay.<init>()
9af5 9afc com.ridgesoft.intellibrain.IntelliBrainDisplay.printChar(int, int, byte)
9b27 9b2c java.lang.Class.getName()
9b30 9b3a java.lang.Class.<init>(java.lang.String)
9ba2 9bbd java.lang.StringBuilder.<init>(java.lang.String)
9bc2 9beb java.lang.StringBuilder.append(java.lang.String)
9bf0 9c01 java.lang.StringBuilder.toString()
9c06 9c3f java.lang.StringBuilder.ensureCapacity(int)
9c44 9c9f java.lang.StringBuilder.append(int)
9ca4 9cd1 java.lang.StringBuilder.append(char[], int, int)
9cd5 9ce7 java.lang.StringBuilder.<init>()
9cec 9cfe java.lang.StringBuilder.append(boolean)
9d25 9d69 java.lang.Integer.toHexString(int)
9d6e 9d76 java.lang.Integer.toString()
9d7a 9d89 java.lang.Integer.toString(int)
9dc0 9dcb com.ridgesoft.intellibrain.IntelliBrainServo.<init>(int)
9dd0 9dd9 com.ridgesoft.intellibrain.IntelliBrainServo.setPosition(int)
9e7c 9e9c com.ridgesoft.intellibrain.IntelliBrainPinPortData.<init>(byte, short, short, short, byte)
9ee2 9ef1 java.lang.Boolean.toString(boolean)
9ef6 9efe java.lang.Boolean.toString()
